../Core/Src/main.c:83:6:SleepMode	1
../Core/Src/main.c:92:6:StopMode	1
../Core/Src/main.c:101:6:StandbyMode	1
../Core/Src/main.c:115:5:main	5
../Core/Src/main.c:214:6:SystemClock_Config	4
../Core/Src/main.c:274:13:MX_ADC1_Init	4
../Core/Src/main.c:340:13:MX_ADC4_Init	3
../Core/Src/main.c:397:13:MX_CAN_Init	2
../Core/Src/main.c:434:13:MX_I2C1_Init	4
../Core/Src/main.c:482:13:MX_RTC_Init	2
../Core/Src/main.c:517:13:MX_SPI3_Init	2
../Core/Src/main.c:557:13:MX_TIM1_Init	4
../Core/Src/main.c:604:13:MX_USART1_UART_Init	2
../Core/Src/main.c:639:13:MX_USART2_UART_Init	2
../Core/Src/main.c:674:13:MX_GPIO_Init	1
../Core/Src/main.c:753:6:Error_Handler	1
