Archive member included to satisfy reference by file (symbol)

D:/Programs/Creativity/STM32CubeCLT/GNU-tools-for-STM32/bin/../lib/gcc/arm-none-eabi/13.3.1/../../../../arm-none-eabi/lib/thumb/v7e-m+fp/hard\libc_nano.a(libc_a-exit.o)
                              D:/Programs/Creativity/STM32CubeCLT/GNU-tools-for-STM32/bin/../lib/gcc/arm-none-eabi/13.3.1/../../../../arm-none-eabi/lib/thumb/v7e-m+fp/hard/crt0.o (exit)
D:/Programs/Creativity/STM32CubeCLT/GNU-tools-for-STM32/bin/../lib/gcc/arm-none-eabi/13.3.1/../../../../arm-none-eabi/lib/thumb/v7e-m+fp/hard\libc_nano.a(libc_a-findfp.o)
                              D:/Programs/Creativity/STM32CubeCLT/GNU-tools-for-STM32/bin/../lib/gcc/arm-none-eabi/13.3.1/../../../../arm-none-eabi/lib/thumb/v7e-m+fp/hard\libc_nano.a(libc_a-exit.o) (__stdio_exit_handler)
D:/Programs/Creativity/STM32CubeCLT/GNU-tools-for-STM32/bin/../lib/gcc/arm-none-eabi/13.3.1/../../../../arm-none-eabi/lib/thumb/v7e-m+fp/hard\libc_nano.a(libc_a-fwalk.o)
                              D:/Programs/Creativity/STM32CubeCLT/GNU-tools-for-STM32/bin/../lib/gcc/arm-none-eabi/13.3.1/../../../../arm-none-eabi/lib/thumb/v7e-m+fp/hard\libc_nano.a(libc_a-findfp.o) (_fwalk_sglue)
D:/Programs/Creativity/STM32CubeCLT/GNU-tools-for-STM32/bin/../lib/gcc/arm-none-eabi/13.3.1/../../../../arm-none-eabi/lib/thumb/v7e-m+fp/hard\libc_nano.a(libc_a-stdio.o)
                              D:/Programs/Creativity/STM32CubeCLT/GNU-tools-for-STM32/bin/../lib/gcc/arm-none-eabi/13.3.1/../../../../arm-none-eabi/lib/thumb/v7e-m+fp/hard\libc_nano.a(libc_a-findfp.o) (__sread)
D:/Programs/Creativity/STM32CubeCLT/GNU-tools-for-STM32/bin/../lib/gcc/arm-none-eabi/13.3.1/../../../../arm-none-eabi/lib/thumb/v7e-m+fp/hard\libc_nano.a(libc_a-memset.o)
                              D:/Programs/Creativity/STM32CubeCLT/GNU-tools-for-STM32/bin/../lib/gcc/arm-none-eabi/13.3.1/../../../../arm-none-eabi/lib/thumb/v7e-m+fp/hard/crt0.o (memset)
D:/Programs/Creativity/STM32CubeCLT/GNU-tools-for-STM32/bin/../lib/gcc/arm-none-eabi/13.3.1/../../../../arm-none-eabi/lib/thumb/v7e-m+fp/hard\libc_nano.a(libc_a-closer.o)
                              D:/Programs/Creativity/STM32CubeCLT/GNU-tools-for-STM32/bin/../lib/gcc/arm-none-eabi/13.3.1/../../../../arm-none-eabi/lib/thumb/v7e-m+fp/hard\libc_nano.a(libc_a-stdio.o) (_close_r)
D:/Programs/Creativity/STM32CubeCLT/GNU-tools-for-STM32/bin/../lib/gcc/arm-none-eabi/13.3.1/../../../../arm-none-eabi/lib/thumb/v7e-m+fp/hard\libc_nano.a(libc_a-reent.o)
                              D:/Programs/Creativity/STM32CubeCLT/GNU-tools-for-STM32/bin/../lib/gcc/arm-none-eabi/13.3.1/../../../../arm-none-eabi/lib/thumb/v7e-m+fp/hard\libc_nano.a(libc_a-closer.o) (errno)
D:/Programs/Creativity/STM32CubeCLT/GNU-tools-for-STM32/bin/../lib/gcc/arm-none-eabi/13.3.1/../../../../arm-none-eabi/lib/thumb/v7e-m+fp/hard\libc_nano.a(libc_a-impure.o)
                              D:/Programs/Creativity/STM32CubeCLT/GNU-tools-for-STM32/bin/../lib/gcc/arm-none-eabi/13.3.1/../../../../arm-none-eabi/lib/thumb/v7e-m+fp/hard\libc_nano.a(libc_a-reent.o) (_impure_ptr)
D:/Programs/Creativity/STM32CubeCLT/GNU-tools-for-STM32/bin/../lib/gcc/arm-none-eabi/13.3.1/../../../../arm-none-eabi/lib/thumb/v7e-m+fp/hard\libc_nano.a(libc_a-lseekr.o)
                              D:/Programs/Creativity/STM32CubeCLT/GNU-tools-for-STM32/bin/../lib/gcc/arm-none-eabi/13.3.1/../../../../arm-none-eabi/lib/thumb/v7e-m+fp/hard\libc_nano.a(libc_a-stdio.o) (_lseek_r)
D:/Programs/Creativity/STM32CubeCLT/GNU-tools-for-STM32/bin/../lib/gcc/arm-none-eabi/13.3.1/../../../../arm-none-eabi/lib/thumb/v7e-m+fp/hard\libc_nano.a(libc_a-readr.o)
                              D:/Programs/Creativity/STM32CubeCLT/GNU-tools-for-STM32/bin/../lib/gcc/arm-none-eabi/13.3.1/../../../../arm-none-eabi/lib/thumb/v7e-m+fp/hard\libc_nano.a(libc_a-stdio.o) (_read_r)
D:/Programs/Creativity/STM32CubeCLT/GNU-tools-for-STM32/bin/../lib/gcc/arm-none-eabi/13.3.1/../../../../arm-none-eabi/lib/thumb/v7e-m+fp/hard\libc_nano.a(libc_a-writer.o)
                              D:/Programs/Creativity/STM32CubeCLT/GNU-tools-for-STM32/bin/../lib/gcc/arm-none-eabi/13.3.1/../../../../arm-none-eabi/lib/thumb/v7e-m+fp/hard\libc_nano.a(libc_a-stdio.o) (_write_r)
D:/Programs/Creativity/STM32CubeCLT/GNU-tools-for-STM32/bin/../lib/gcc/arm-none-eabi/13.3.1/../../../../arm-none-eabi/lib/thumb/v7e-m+fp/hard\libc_nano.a(libc_a-init.o)
                              D:/Programs/Creativity/STM32CubeCLT/GNU-tools-for-STM32/bin/../lib/gcc/arm-none-eabi/13.3.1/../../../../arm-none-eabi/lib/thumb/v7e-m+fp/hard/crt0.o (__libc_init_array)
D:/Programs/Creativity/STM32CubeCLT/GNU-tools-for-STM32/bin/../lib/gcc/arm-none-eabi/13.3.1/../../../../arm-none-eabi/lib/thumb/v7e-m+fp/hard\libc_nano.a(libc_a-lock.o)
                              D:/Programs/Creativity/STM32CubeCLT/GNU-tools-for-STM32/bin/../lib/gcc/arm-none-eabi/13.3.1/../../../../arm-none-eabi/lib/thumb/v7e-m+fp/hard\libc_nano.a(libc_a-findfp.o) (__retarget_lock_init_recursive)
[...]
Memory Configuration

Name             Origin             Length             Attributes
RAM              0x20000000         0x00010000         xrw
FLASH            0x08000000         0x00040000         xr
*default*        0x00000000         0xffffffff

Linker script and memory map

LOAD D:/Programs/Creativity/STM32CubeCLT/GNU-tools-for-STM32/bin/../lib/gcc/arm-none-eabi/13.3.1/thumb/v7e-m+fp/hard/crti.o
LOAD D:/Programs/Creativity/STM32CubeCLT/GNU-tools-for-STM32/bin/../lib/gcc/arm-none-eabi/13.3.1/thumb/v7e-m+fp/hard/crtbegin.o
LOAD D:/Programs/Creativity/STM32CubeCLT/GNU-tools-for-STM32/bin/../lib/gcc/arm-none-eabi/13.3.1/../../../../arm-none-eabi/lib/thumb/v7e-m+fp/hard/crt0.o
START GROUP
LOAD D:/Programs/Creativity/STM32CubeCLT/GNU-tools-for-STM32/bin/../lib/gcc/arm-none-eabi/13.3.1/../../../../arm-none-eabi/lib/thumb/v7e-m+fp/hard\libc_nano.a
LOAD D:/Programs/Creativity/STM32CubeCLT/GNU-tools-for-STM32/bin/../lib/gcc/arm-none-eabi/13.3.1/../../../../arm-none-eabi/lib/thumb/v7e-m+fp/hard\libm.a
END GROUP
LOAD CMakeFiles/RFID-RC522.dir/Core/Src/main.c.obj
LOAD CMakeFiles/RFID-RC522.dir/Core/Src/stm32f4xx_it.c.obj
LOAD CMakeFiles/RFID-RC522.dir/Core/Src/stm32f4xx_hal_msp.c.obj
LOAD CMakeFiles/RFID-RC522.dir/Core/Src/system_stm32f4xx.c.obj
LOAD CMakeFiles/RFID-RC522.dir/Core/Src/sysmem.c.obj
LOAD CMakeFiles/RFID-RC522.dir/Core/Src/syscalls.c.obj
LOAD CMakeFiles/RFID-RC522.dir/Core/Src/RC522.c.obj
LOAD CMakeFiles/RFID-RC522.dir/Drivers/STM32F4xx_HAL_Driver/Src/stm32f4xx_hal_spi.c.obj
LOAD CMakeFiles/RFID-RC522.dir/Drivers/STM32F4xx_HAL_Driver/Src/stm32f4xx_hal_rcc.c.obj
LOAD CMakeFiles/RFID-RC522.dir/Drivers/STM32F4xx_HAL_Driver/Src/stm32f4xx_hal_rcc_ex.c.obj
LOAD CMakeFiles/RFID-RC522.dir/Drivers/STM32F4xx_HAL_Driver/Src/stm32f4xx_hal_flash.c.obj
LOAD CMakeFiles/RFID-RC522.dir/Drivers/STM32F4xx_HAL_Driver/Src/stm32f4xx_hal_flash_ex.c.obj
LOAD CMakeFiles/RFID-RC522.dir/Drivers/STM32F4xx_HAL_Driver/Src/stm32f4xx_hal_flash_ramfunc.c.obj
LOAD CMakeFiles/RFID-RC522.dir/Drivers/STM32F4xx_HAL_Driver/Src/stm32f4xx_hal_gpio.c.obj
LOAD CMakeFiles/RFID-RC522.dir/Drivers/STM32F4xx_HAL_Driver/Src/stm32f4xx_hal_dma_ex.c.obj
LOAD CMakeFiles/RFID-RC522.dir/Drivers/STM32F4xx_HAL_Driver/Src/stm32f4xx_hal_dma.c.obj
LOAD CMakeFiles/RFID-RC522.dir/Drivers/STM32F4xx_HAL_Driver/Src/stm32f4xx_hal_pwr.c.obj
LOAD CMakeFiles/RFID-RC522.dir/Drivers/STM32F4xx_HAL_Driver/Src/stm32f4xx_hal_pwr_ex.c.obj
LOAD CMakeFiles/RFID-RC522.dir/Drivers/STM32F4xx_HAL_Driver/Src/stm32f4xx_hal_cortex.c.obj
LOAD CMakeFiles/RFID-RC522.dir/Drivers/STM32F4xx_HAL_Driver/Src/stm32f4xx_hal.c.obj
LOAD CMakeFiles/RFID-RC522.dir/Drivers/STM32F4xx_HAL_Driver/Src/stm32f4xx_hal_exti.c.obj
LOAD CMakeFiles/RFID-RC522.dir/Drivers/STM32F4xx_HAL_Driver/Src/stm32f4xx_hal_tim.c.obj
LOAD CMakeFiles/RFID-RC522.dir/Drivers/STM32F4xx_HAL_Driver/Src/stm32f4xx_hal_tim_ex.c.obj
LOAD CMakeFiles/RFID-RC522.dir/startup_stm32f401xc.s.obj
START GROUP
LOAD D:/Programs/Creativity/STM32CubeCLT/GNU-tools-for-STM32/bin/../lib/gcc/arm-none-eabi/13.3.1/thumb/v7e-m+fp/hard\libgcc.a
LOAD D:/Programs/Creativity/STM32CubeCLT/GNU-tools-for-STM32/bin/../lib/gcc/arm-none-eabi/13.3.1/../../../../arm-none-eabi/lib/thumb/v7e-m+fp/hard\libg_nano.a
LOAD D:/Programs/Creativity/STM32CubeCLT/GNU-tools-for-STM32/bin/../lib/gcc/arm-none-eabi/13.3.1/../../../../arm-none-eabi/lib/thumb/v7e-m+fp/hard\libc_nano.a
END GROUP
START GROUP
LOAD D:/Programs/Creativity/STM32CubeCLT/GNU-tools-for-STM32/bin/../lib/gcc/arm-none-eabi/13.3.1/thumb/v7e-m+fp/hard\libgcc.a
LOAD D:/Programs/Creativity/STM32CubeCLT/GNU-tools-for-STM32/bin/../lib/gcc/arm-none-eabi/13.3.1/../../../../arm-none-eabi/lib/thumb/v7e-m+fp/hard\libc_nano.a
END GROUP
LOAD D:/Programs/Creativity/STM32CubeCLT/GNU-tools-for-STM32/bin/../lib/gcc/arm-none-eabi/13.3.1/thumb/v7e-m+fp/hard/crtend.o
LOAD D:/Programs/Creativity/STM32CubeCLT/GNU-tools-for-STM32/bin/../lib/gcc/arm-none-eabi/13.3.1/thumb/v7e-m+fp/hard/crtn.o
                0x20010000                        _estack = (ORIGIN (RAM) + LENGTH (RAM))
                0x00000200                        _Min_Heap_Size = 0x200
                0x00000400                        _Min_Stack_Size = 0x400

.isr_vector     0x08000000      0x194
                0x08000000                        . = ALIGN (0x4)
 *(.isr_vector)
 .isr_vector    0x08000000      0x194 CMakeFiles/RFID-RC522.dir/startup_stm32f401xc.s.obj
                0x08000000                g_pfnVectors
                0x08000194                        . = ALIGN (0x4)

.text           0x08000194     0x20bc
                0x08000194                        . = ALIGN (0x4)
 *(.text)
 .text          0x08000194       0x40 D:/Programs/Creativity/STM32CubeCLT/GNU-tools-for-STM32/bin/../lib/gcc/arm-none-eabi/13.3.1/thumb/v7e-m+fp/hard/crtbegin.o
 .text          0x080001d4       0x30 D:/Programs/Creativity/STM32CubeCLT/GNU-tools-for-STM32/bin/../lib/gcc/arm-none-eabi/13.3.1/thumb/v7e-m+fp/hard\libgcc.a(_aeabi_uldivmod.o)
                0x080001d4                __aeabi_uldivmod
 .text          0x08000204      0x2f8 D:/Programs/Creativity/STM32CubeCLT/GNU-tools-for-STM32/bin/../lib/gcc/arm-none-eabi/13.3.1/thumb/v7e-m+fp/hard\libgcc.a(_udivmoddi4.o)
                0x08000204                __udivmoddi4
 .text          0x080004fc        0x4 D:/Programs/Creativity/STM32CubeCLT/GNU-tools-for-STM32/bin/../lib/gcc/arm-none-eabi/13.3.1/thumb/v7e-m+fp/hard\libgcc.a(_dvmd_tls.o)
                0x080004fc                __aeabi_idiv0
                0x080004fc                __aeabi_ldiv0
 *(.text*)
 .text.memset   0x08000500       0x10 D:/Programs/Creativity/STM32CubeCLT/GNU-tools-for-STM32/bin/../lib/gcc/arm-none-eabi/13.3.1/../../../../arm-none-eabi/lib/thumb/v7e-m+fp/hard\libc_nano.a(libc_a-memset.o)
                0x08000500                memset
 .text.__libc_init_array
                0x08000510       0x48 D:/Programs/Creativity/STM32CubeCLT/GNU-tools-for-STM32/bin/../lib/gcc/arm-none-eabi/13.3.1/../../../../arm-none-eabi/lib/thumb/v7e-m+fp/hard\libc_nano.a(libc_a-init.o)
                0x08000510                __libc_init_array
 .text.main     0x08000558       0x5c CMakeFiles/RFID-RC522.dir/Core/Src/main.c.obj
                0x08000558                main
 .text.SystemClock_Config
                0x080005b4       0xd4 CMakeFiles/RFID-RC522.dir/Core/Src/main.c.obj
                0x080005b4                SystemClock_Config
 .text.MX_SPI1_Init
                0x08000688       0x6c CMakeFiles/RFID-RC522.dir/Core/Src/main.c.obj
 .text.MX_GPIO_Init
                0x080006f4       0xcc CMakeFiles/RFID-RC522.dir/Core/Src/main.c.obj
 .text.Error_Handler
                0x080007c0        0xc CMakeFiles/RFID-RC522.dir/Core/Src/main.c.obj
                0x080007c0                Error_Handler
 .text.NMI_Handler
                0x080007cc        0x8 CMakeFiles/RFID-RC522.dir/Core/Src/stm32f4xx_it.c.obj
                0x080007cc                NMI_Handler
 .text.HardFault_Handler
                0x080007d4        0x8 CMakeFiles/RFID-RC522.dir/Core/Src/stm32f4xx_it.c.obj
                0x080007d4                HardFault_Handler
 .text.MemManage_Handler
                0x080007dc        0x8 CMakeFiles/RFID-RC522.dir/Core/Src/stm32f4xx_it.c.obj
                0x080007dc                MemManage_Handler
 .text.BusFault_Handler
                0x080007e4        0x8 CMakeFiles/RFID-RC522.dir/Core/Src/stm32f4xx_it.c.obj
                0x080007e4                BusFault_Handler
 .text.UsageFault_Handler
                0x080007ec        0x8 CMakeFiles/RFID-RC522.dir/Core/Src/stm32f4xx_it.c.obj
                0x080007ec                UsageFault_Handler
 .text.SVC_Handler
                0x080007f4        0xe CMakeFiles/RFID-RC522.dir/Core/Src/stm32f4xx_it.c.obj
                0x080007f4                SVC_Handler
 .text.DebugMon_Handler
                0x08000802        0xe CMakeFiles/RFID-RC522.dir/Core/Src/stm32f4xx_it.c.obj
                0x08000802                DebugMon_Handler
 .text.PendSV_Handler
                0x08000810        0xe CMakeFiles/RFID-RC522.dir/Core/Src/stm32f4xx_it.c.obj
                0x08000810                PendSV_Handler
 .text.SysTick_Handler
                0x0800081e        0xc CMakeFiles/RFID-RC522.dir/Core/Src/stm32f4xx_it.c.obj
                0x0800081e                SysTick_Handler
 *fill*         0x0800082a        0x2 
 .text.HAL_MspInit
                0x0800082c       0x50 CMakeFiles/RFID-RC522.dir/Core/Src/stm32f4xx_hal_msp.c.obj
                0x0800082c                HAL_MspInit
 .text.HAL_SPI_MspInit
                0x0800087c       0x90 CMakeFiles/RFID-RC522.dir/Core/Src/stm32f4xx_hal_msp.c.obj
                0x0800087c                HAL_SPI_MspInit
 .text.SystemInit
                0x0800090c       0x24 CMakeFiles/RFID-RC522.dir/Core/Src/system_stm32f4xx.c.obj
                0x0800090c                SystemInit
 .text.RC522_SPI_Transfer
                0x08000930       0x2c CMakeFiles/RFID-RC522.dir/Core/Src/RC522.c.obj
                0x08000930                RC522_SPI_Transfer
 .text.Write_MFRC522
                0x0800095c       0x4c CMakeFiles/RFID-RC522.dir/Core/Src/RC522.c.obj
                0x0800095c                Write_MFRC522
 .text.Read_MFRC522
                0x080009a8       0x54 CMakeFiles/RFID-RC522.dir/Core/Src/RC522.c.obj
                0x080009a8                Read_MFRC522
 .text.SetBitMask
                0x080009fc       0x36 CMakeFiles/RFID-RC522.dir/Core/Src/RC522.c.obj
                0x080009fc                SetBitMask
 .text.ClearBitMask
                0x08000a32       0x40 CMakeFiles/RFID-RC522.dir/Core/Src/RC522.c.obj
                0x08000a32                ClearBitMask
 .text.AntennaOn
                0x08000a72       0x16 CMakeFiles/RFID-RC522.dir/Core/Src/RC522.c.obj
                0x08000a72                AntennaOn
 .text.MFRC522_Reset
                0x08000a88       0x10 CMakeFiles/RFID-RC522.dir/Core/Src/RC522.c.obj
                0x08000a88                MFRC522_Reset
 .text.MFRC522_Init
                0x08000a98       0x5c CMakeFiles/RFID-RC522.dir/Core/Src/RC522.c.obj
                0x08000a98                MFRC522_Init
 .text.MFRC522_ToCard
                0x08000af4      0x192 CMakeFiles/RFID-RC522.dir/Core/Src/RC522.c.obj
                0x08000af4                MFRC522_ToCard
 .text.MFRC522_Request
                0x08000c86       0x4a CMakeFiles/RFID-RC522.dir/Core/Src/RC522.c.obj
                0x08000c86                MFRC522_Request
 .text.MFRC522_Anticoll
                0x08000cd0       0x7a CMakeFiles/RFID-RC522.dir/Core/Src/RC522.c.obj
                0x08000cd0                MFRC522_Anticoll
 .text.HAL_SPI_Init
                0x08000d4a      0x112 CMakeFiles/RFID-RC522.dir/Drivers/STM32F4xx_HAL_Driver/Src/stm32f4xx_hal_spi.c.obj
                0x08000d4a                HAL_SPI_Init
 .text.HAL_SPI_TransmitReceive
                0x08000e5c      0x352 CMakeFiles/RFID-RC522.dir/Drivers/STM32F4xx_HAL_Driver/Src/stm32f4xx_hal_spi.c.obj
                0x08000e5c                HAL_SPI_TransmitReceive
 *fill*         0x080011ae        0x2 
 .text.SPI_WaitFlagStateUntilTimeout
                0x080011b0      0x110 CMakeFiles/RFID-RC522.dir/Drivers/STM32F4xx_HAL_Driver/Src/stm32f4xx_hal_spi.c.obj
 .text.SPI_EndRxTxTransaction
                0x080012c0       0xa8 CMakeFiles/RFID-RC522.dir/Drivers/STM32F4xx_HAL_Driver/Src/stm32f4xx_hal_spi.c.obj
 .text.HAL_RCC_OscConfig
                0x08001368      0x4f0 CMakeFiles/RFID-RC522.dir/Drivers/STM32F4xx_HAL_Driver/Src/stm32f4xx_hal_rcc.c.obj
                0x08001368                HAL_RCC_OscConfig
 .text.HAL_RCC_ClockConfig
                0x08001858      0x1cc CMakeFiles/RFID-RC522.dir/Drivers/STM32F4xx_HAL_Driver/Src/stm32f4xx_hal_rcc.c.obj
                0x08001858                HAL_RCC_ClockConfig
 .text.HAL_RCC_GetSysClockFreq
                0x08001a24      0x18c CMakeFiles/RFID-RC522.dir/Drivers/STM32F4xx_HAL_Driver/Src/stm32f4xx_hal_rcc.c.obj
                0x08001a24                HAL_RCC_GetSysClockFreq
 .text.HAL_GPIO_Init
                0x08001bb0      0x308 CMakeFiles/RFID-RC522.dir/Drivers/STM32F4xx_HAL_Driver/Src/stm32f4xx_hal_gpio.c.obj
                0x08001bb0                HAL_GPIO_Init
 .text.HAL_GPIO_WritePin
                0x08001eb8       0x32 CMakeFiles/RFID-RC522.dir/Drivers/STM32F4xx_HAL_Driver/Src/stm32f4xx_hal_gpio.c.obj
                0x08001eb8                HAL_GPIO_WritePin
 *fill*         0x08001eea        0x2 
 .text.__NVIC_SetPriorityGrouping
                0x08001eec       0x48 CMakeFiles/RFID-RC522.dir/Drivers/STM32F4xx_HAL_Driver/Src/stm32f4xx_hal_cortex.c.obj
 .text.__NVIC_GetPriorityGrouping
                0x08001f34       0x1c CMakeFiles/RFID-RC522.dir/Drivers/STM32F4xx_HAL_Driver/Src/stm32f4xx_hal_cortex.c.obj
 .text.__NVIC_SetPriority
                0x08001f50       0x54 CMakeFiles/RFID-RC522.dir/Drivers/STM32F4xx_HAL_Driver/Src/stm32f4xx_hal_cortex.c.obj
 .text.NVIC_EncodePriority
                0x08001fa4       0x66 CMakeFiles/RFID-RC522.dir/Drivers/STM32F4xx_HAL_Driver/Src/stm32f4xx_hal_cortex.c.obj
 *fill*         0x0800200a        0x2 
 .text.SysTick_Config
                0x0800200c       0x44 CMakeFiles/RFID-RC522.dir/Drivers/STM32F4xx_HAL_Driver/Src/stm32f4xx_hal_cortex.c.obj
 .text.HAL_NVIC_SetPriorityGrouping
                0x08002050       0x16 CMakeFiles/RFID-RC522.dir/Drivers/STM32F4xx_HAL_Driver/Src/stm32f4xx_hal_cortex.c.obj
                0x08002050                HAL_NVIC_SetPriorityGrouping
 .text.HAL_NVIC_SetPriority
                0x08002066       0x38 CMakeFiles/RFID-RC522.dir/Drivers/STM32F4xx_HAL_Driver/Src/stm32f4xx_hal_cortex.c.obj
                0x08002066                HAL_NVIC_SetPriority
 .text.HAL_SYSTICK_Config
                0x0800209e       0x18 CMakeFiles/RFID-RC522.dir/Drivers/STM32F4xx_HAL_Driver/Src/stm32f4xx_hal_cortex.c.obj
                0x0800209e                HAL_SYSTICK_Config
 *fill*         0x080020b6        0x2 
 .text.HAL_Init
                0x080020b8       0x44 CMakeFiles/RFID-RC522.dir/Drivers/STM32F4xx_HAL_Driver/Src/stm32f4xx_hal.c.obj
                0x080020b8                HAL_Init
 .text.HAL_InitTick
                0x080020fc       0x60 CMakeFiles/RFID-RC522.dir/Drivers/STM32F4xx_HAL_Driver/Src/stm32f4xx_hal.c.obj
                0x080020fc                HAL_InitTick
 .text.HAL_IncTick
                0x0800215c       0x28 CMakeFiles/RFID-RC522.dir/Drivers/STM32F4xx_HAL_Driver/Src/stm32f4xx_hal.c.obj
                0x0800215c                HAL_IncTick
 .text.HAL_GetTick
                0x08002184       0x18 CMakeFiles/RFID-RC522.dir/Drivers/STM32F4xx_HAL_Driver/Src/stm32f4xx_hal.c.obj
                0x08002184                HAL_GetTick
 .text.HAL_Delay
                0x0800219c       0x48 CMakeFiles/RFID-RC522.dir/Drivers/STM32F4xx_HAL_Driver/Src/stm32f4xx_hal.c.obj
                0x0800219c                HAL_Delay
 .text.Reset_Handler
                0x080021e4       0x50 CMakeFiles/RFID-RC522.dir/startup_stm32f401xc.s.obj
                0x080021e4                Reset_Handler
 .text.Default_Handler
                0x08002234        0x2 CMakeFiles/RFID-RC522.dir/startup_stm32f401xc.s.obj
                0x08002234                RTC_Alarm_IRQHandler
                0x08002234                EXTI2_IRQHandler
                0x08002234                SPI4_IRQHandler
                0x08002234                TIM1_CC_IRQHandler
                0x08002234                DMA2_Stream5_IRQHandler
                0x08002234                DMA1_Stream5_IRQHandler
                0x08002234                PVD_IRQHandler
                0x08002234                SDIO_IRQHandler
                0x08002234                TAMP_STAMP_IRQHandler
                0x08002234                EXTI3_IRQHandler
                0x08002234                TIM1_UP_TIM10_IRQHandler
                0x08002234                I2C3_ER_IRQHandler
                0x08002234                EXTI0_IRQHandler
                0x08002234                I2C2_EV_IRQHandler
                0x08002234                DMA1_Stream2_IRQHandler
                0x08002234                FPU_IRQHandler
                0x08002234                DMA2_Stream2_IRQHandler
                0x08002234                SPI1_IRQHandler
                0x08002234                TIM1_BRK_TIM9_IRQHandler
                0x08002234                DMA2_Stream3_IRQHandler
                0x08002234                USART6_IRQHandler
                0x08002234                DMA2_Stream0_IRQHandler
                0x08002234                TIM4_IRQHandler
                0x08002234                I2C1_EV_IRQHandler
                0x08002234                DMA1_Stream6_IRQHandler
                0x08002234                DMA1_Stream1_IRQHandler
                0x08002234                TIM3_IRQHandler
                0x08002234                RCC_IRQHandler
                0x08002234                Default_Handler
                0x08002234                EXTI15_10_IRQHandler
                0x08002234                ADC_IRQHandler
                0x08002234                DMA1_Stream7_IRQHandler
                0x08002234                TIM5_IRQHandler
                0x08002234                DMA2_Stream7_IRQHandler
                0x08002234                I2C3_EV_IRQHandler
                0x08002234                EXTI9_5_IRQHandler
                0x08002234                RTC_WKUP_IRQHandler
                0x08002234                SPI2_IRQHandler
                0x08002234                DMA1_Stream0_IRQHandler
                0x08002234                EXTI4_IRQHandler
                0x08002234                WWDG_IRQHandler
                0x08002234                TIM2_IRQHandler
                0x08002234                OTG_FS_WKUP_IRQHandler
                0x08002234                TIM1_TRG_COM_TIM11_IRQHandler
                0x08002234                EXTI1_IRQHandler
                0x08002234                USART2_IRQHandler
                0x08002234                I2C2_ER_IRQHandler
                0x08002234                DMA2_Stream1_IRQHandler
                0x08002234                FLASH_IRQHandler
                0x08002234                DMA2_Stream4_IRQHandler
                0x08002234                USART1_IRQHandler
                0x08002234                OTG_FS_IRQHandler
                0x08002234                SPI3_IRQHandler
                0x08002234                DMA1_Stream4_IRQHandler
                0x08002234                I2C1_ER_IRQHandler
                0x08002234                DMA2_Stream6_IRQHandler
                0x08002234                DMA1_Stream3_IRQHandler
 *(.glue_7)
 .glue_7        0x08002236        0x0 linker stubs
 *(.glue_7t)
 .glue_7t       0x08002236        0x0 linker stubs
 *(.eh_frame)
 *fill*         0x08002236        0x2 
 .eh_frame      0x08002238        0x0 D:/Programs/Creativity/STM32CubeCLT/GNU-tools-for-STM32/bin/../lib/gcc/arm-none-eabi/13.3.1/thumb/v7e-m+fp/hard/crtbegin.o
 *(.init)
 .init          0x08002238        0x4 D:/Programs/Creativity/STM32CubeCLT/GNU-tools-for-STM32/bin/../lib/gcc/arm-none-eabi/13.3.1/thumb/v7e-m+fp/hard/crti.o
                0x08002238                _init
 .init          0x0800223c        0x8 D:/Programs/Creativity/STM32CubeCLT/GNU-tools-for-STM32/bin/../lib/gcc/arm-none-eabi/13.3.1/thumb/v7e-m+fp/hard/crtn.o
 *(.fini)
 .fini          0x08002244        0x4 D:/Programs/Creativity/STM32CubeCLT/GNU-tools-for-STM32/bin/../lib/gcc/arm-none-eabi/13.3.1/thumb/v7e-m+fp/hard/crti.o
                0x08002244                _fini
 .fini          0x08002248        0x8 D:/Programs/Creativity/STM32CubeCLT/GNU-tools-for-STM32/bin/../lib/gcc/arm-none-eabi/13.3.1/thumb/v7e-m+fp/hard/crtn.o
                0x08002250                        . = ALIGN (0x4)
                0x08002250                        _etext = .

.vfp11_veneer   0x08002250        0x0
 .vfp11_veneer  0x08002250        0x0 linker stubs

.v4_bx          0x08002250        0x0
 .v4_bx         0x08002250        0x0 linker stubs

.iplt           0x08002250        0x0
 .iplt          0x08002250        0x0 D:/Programs/Creativity/STM32CubeCLT/GNU-tools-for-STM32/bin/../lib/gcc/arm-none-eabi/13.3.1/thumb/v7e-m+fp/hard/crtbegin.o

.rodata         0x08002250       0x10
                0x08002250                        . = ALIGN (0x4)
 *(.rodata)
 *(.rodata*)
 .rodata.AHBPrescTable
                0x08002250       0x10 CMakeFiles/RFID-RC522.dir/Core/Src/system_stm32f4xx.c.obj
                0x08002250                AHBPrescTable
                0x08002260                        . = ALIGN (0x4)

.ARM.extab
 *(.ARM.extab* .gnu.linkonce.armextab.*)

.ARM            0x08002260        0x8
                0x08002260                        __exidx_start = .
 *(.ARM.exidx*)
 .ARM.exidx     0x08002260        0x8 D:/Programs/Creativity/STM32CubeCLT/GNU-tools-for-STM32/bin/../lib/gcc/arm-none-eabi/13.3.1/thumb/v7e-m+fp/hard\libgcc.a(_udivmoddi4.o)
                0x08002268                        __exidx_end = .

.rel.dyn        0x08002268        0x0
 .rel.iplt      0x08002268        0x0 D:/Programs/Creativity/STM32CubeCLT/GNU-tools-for-STM32/bin/../lib/gcc/arm-none-eabi/13.3.1/thumb/v7e-m+fp/hard/crtbegin.o

.preinit_array  0x08002268        0x0
                0x08002268                        PROVIDE (__preinit_array_start = .)
 *(.preinit_array*)
                0x08002268                        PROVIDE (__preinit_array_end = .)

.init_array     0x08002268        0x4
                0x08002268                        PROVIDE (__init_array_start = .)
 *(SORT_BY_NAME(.init_array.*))
 *(.init_array*)
 .init_array    0x08002268        0x4 D:/Programs/Creativity/STM32CubeCLT/GNU-tools-for-STM32/bin/../lib/gcc/arm-none-eabi/13.3.1/thumb/v7e-m+fp/hard/crtbegin.o
                0x0800226c                        PROVIDE (__init_array_end = .)

.fini_array     0x0800226c        0x4
                [!provide]                        PROVIDE (__fini_array_start = .)
 *(SORT_BY_NAME(.fini_array.*))
 *(.fini_array*)
 .fini_array    0x0800226c        0x4 D:/Programs/Creativity/STM32CubeCLT/GNU-tools-for-STM32/bin/../lib/gcc/arm-none-eabi/13.3.1/thumb/v7e-m+fp/hard/crtbegin.o
                [!provide]                        PROVIDE (__fini_array_end = .)
                0x08002270                        _sidata = LOADADDR (.data)

.data           0x20000000        0xc load address 0x08002270
                0x20000000                        . = ALIGN (0x4)
                0x20000000                        _sdata = .
 *(.data)
 *(.data*)
 .data.SystemCoreClock
                0x20000000        0x4 CMakeFiles/RFID-RC522.dir/Core/Src/system_stm32f4xx.c.obj
                0x20000000                SystemCoreClock
 .data.uwTickPrio
                0x20000004        0x4 CMakeFiles/RFID-RC522.dir/Drivers/STM32F4xx_HAL_Driver/Src/stm32f4xx_hal.c.obj
                0x20000004                uwTickPrio
 .data.uwTickFreq
                0x20000008        0x1 CMakeFiles/RFID-RC522.dir/Drivers/STM32F4xx_HAL_Driver/Src/stm32f4xx_hal.c.obj
                0x20000008                uwTickFreq
                0x2000000c                        . = ALIGN (0x4)
 *fill*         0x20000009        0x3 
                0x2000000c                        _edata = .

.igot.plt       0x2000000c        0x0 load address 0x0800227c
 .igot.plt      0x2000000c        0x0 D:/Programs/Creativity/STM32CubeCLT/GNU-tools-for-STM32/bin/../lib/gcc/arm-none-eabi/13.3.1/thumb/v7e-m+fp/hard/crtbegin.o
                0x2000000c                        . = ALIGN (0x4)

.bss            0x2000000c       0x94 load address 0x0800227c
                0x2000000c                        _sbss = .
                0x2000000c                        __bss_start__ = _sbss
 *(.bss)
 .bss           0x2000000c       0x1c D:/Programs/Creativity/STM32CubeCLT/GNU-tools-for-STM32/bin/../lib/gcc/arm-none-eabi/13.3.1/thumb/v7e-m+fp/hard/crtbegin.o
 *(.bss*)
 .bss.hspi1     0x20000028       0x58 CMakeFiles/RFID-RC522.dir/Core/Src/main.c.obj
                0x20000028                hspi1
 .bss.status    0x20000080        0x1 CMakeFiles/RFID-RC522.dir/Core/Src/main.c.obj
                0x20000080                status
 *fill*         0x20000081        0x3 
 .bss.str       0x20000084       0x10 CMakeFiles/RFID-RC522.dir/Core/Src/main.c.obj
                0x20000084                str
 .bss.sNum      0x20000094        0x5 CMakeFiles/RFID-RC522.dir/Core/Src/main.c.obj
                0x20000094                sNum
 *fill*         0x20000099        0x3 
 .bss.uwTick    0x2000009c        0x4 CMakeFiles/RFID-RC522.dir/Drivers/STM32F4xx_HAL_Driver/Src/stm32f4xx_hal.c.obj
                0x2000009c                uwTick
 *(COMMON)
                0x200000a0                        . = ALIGN (0x4)
                0x200000a0                        _ebss = .
                0x200000a0                        __bss_end__ = _ebss

._user_heap_stack
                0x200000a0      0x600 load address 0x0800227c
                0x200000a0                        . = ALIGN (0x8)
                [!provide]                        PROVIDE (end = .)
                0x200000a0                        PROVIDE (_end = .)
                0x200002a0                        . = (. + _Min_Heap_Size)
 *fill*         0x200000a0      0x200 
                0x200006a0                        . = (. + _Min_Stack_Size)
 *fill*         0x200002a0      0x400 
                0x200006a0                        . = ALIGN (0x8)

/DISCARD/
 libc.a(*)
 libm.a(*)
 libgcc.a(*)
OUTPUT(RFID-RC522.elf elf32-littlearm)
LOAD linker stubs
LOAD D:/Programs/Creativity/STM32CubeCLT/GNU-tools-for-STM32/bin/../lib/gcc/arm-none-eabi/13.3.1/../../../../arm-none-eabi/lib/thumb/v7e-m+fp/hard\libc.a
LOAD D:/Programs/Creativity/STM32CubeCLT/GNU-tools-for-STM32/bin/../lib/gcc/arm-none-eabi/13.3.1/../../../../arm-none-eabi/lib/thumb/v7e-m+fp/hard\libm.a
LOAD D:/Programs/Creativity/STM32CubeCLT/GNU-tools-for-STM32/bin/../lib/gcc/arm-none-eabi/13.3.1/thumb/v7e-m+fp/hard\libgcc.a

.ARM.attributes
                0x00000000       0x30
 .ARM.attributes
                0x00000000       0x22 D:/Programs/Creativity/STM32CubeCLT/GNU-tools-for-STM32/bin/../lib/gcc/arm-none-eabi/13.3.1/thumb/v7e-m+fp/hard/crti.o
 .ARM.attributes
                0x00000022       0x34 D:/Programs/Creativity/STM32CubeCLT/GNU-tools-for-STM32/bin/../lib/gcc/arm-none-eabi/13.3.1/thumb/v7e-m+fp/hard/crtbegin.o
 .ARM.attributes
                0x00000056       0x34 D:/Programs/Creativity/STM32CubeCLT/GNU-tools-for-STM32/bin/../lib/gcc/arm-none-eabi/13.3.1/../../../../arm-none-eabi/lib/thumb/v7e-m+fp/hard\libc_nano.a(libc_a-memset.o)
 .ARM.attributes
                0x0000008a       0x34 D:/Programs/Creativity/STM32CubeCLT/GNU-tools-for-STM32/bin/../lib/gcc/arm-none-eabi/13.3.1/../../../../arm-none-eabi/lib/thumb/v7e-m+fp/hard\libc_nano.a(libc_a-init.o)
 .ARM.attributes
                0x000000be       0x34 CMakeFiles/RFID-RC522.dir/Core/Src/main.c.obj
 .ARM.attributes
                0x000000f2       0x34 CMakeFiles/RFID-RC522.dir/Core/Src/stm32f4xx_it.c.obj
 .ARM.attributes
                0x00000126       0x34 CMakeFiles/RFID-RC522.dir/Core/Src/stm32f4xx_hal_msp.c.obj
 .ARM.attributes
                0x0000015a       0x34 CMakeFiles/RFID-RC522.dir/Core/Src/system_stm32f4xx.c.obj
 .ARM.attributes
                0x0000018e       0x34 CMakeFiles/RFID-RC522.dir/Core/Src/RC522.c.obj
 .ARM.attributes
                0x000001c2       0x34 CMakeFiles/RFID-RC522.dir/Drivers/STM32F4xx_HAL_Driver/Src/stm32f4xx_hal_spi.c.obj
 .ARM.attributes
                0x000001f6       0x34 CMakeFiles/RFID-RC522.dir/Drivers/STM32F4xx_HAL_Driver/Src/stm32f4xx_hal_rcc.c.obj
 .ARM.attributes
                0x0000022a       0x34 CMakeFiles/RFID-RC522.dir/Drivers/STM32F4xx_HAL_Driver/Src/stm32f4xx_hal_gpio.c.obj
 .ARM.attributes
                0x0000025e       0x34 CMakeFiles/RFID-RC522.dir/Drivers/STM32F4xx_HAL_Driver/Src/stm32f4xx_hal_cortex.c.obj
 .ARM.attributes
                0x00000292       0x34 CMakeFiles/RFID-RC522.dir/Drivers/STM32F4xx_HAL_Driver/Src/stm32f4xx_hal.c.obj
 .ARM.attributes
                0x000002c6       0x21 CMakeFiles/RFID-RC522.dir/startup_stm32f401xc.s.obj
 .ARM.attributes
                0x000002e7       0x22 D:/Programs/Creativity/STM32CubeCLT/GNU-tools-for-STM32/bin/../lib/gcc/arm-none-eabi/13.3.1/thumb/v7e-m+fp/hard\libgcc.a(_aeabi_uldivmod.o)
 .ARM.attributes
                0x00000309       0x34 D:/Programs/Creativity/STM32CubeCLT/GNU-tools-for-STM32/bin/../lib/gcc/arm-none-eabi/13.3.1/thumb/v7e-m+fp/hard\libgcc.a(_udivmoddi4.o)
 .ARM.attributes
                0x0000033d       0x22 D:/Programs/Creativity/STM32CubeCLT/GNU-tools-for-STM32/bin/../lib/gcc/arm-none-eabi/13.3.1/thumb/v7e-m+fp/hard\libgcc.a(_dvmd_tls.o)
 .ARM.attributes
                0x0000035f       0x22 D:/Programs/Creativity/STM32CubeCLT/GNU-tools-for-STM32/bin/../lib/gcc/arm-none-eabi/13.3.1/thumb/v7e-m+fp/hard/crtn.o

.comment        0x00000000       0x43
 .comment       0x00000000       0x43 CMakeFiles/RFID-RC522.dir/Core/Src/main.c.obj
                                 0x44 (size before relaxing)
 .comment       0x00000043       0x44 CMakeFiles/RFID-RC522.dir/Core/Src/stm32f4xx_it.c.obj
 .comment       0x00000043       0x44 CMakeFiles/RFID-RC522.dir/Core/Src/stm32f4xx_hal_msp.c.obj
 .comment       0x00000043       0x44 CMakeFiles/RFID-RC522.dir/Core/Src/system_stm32f4xx.c.obj
 .comment       0x00000043       0x44 CMakeFiles/RFID-RC522.dir/Core/Src/RC522.c.obj
 .comment       0x00000043       0x44 CMakeFiles/RFID-RC522.dir/Drivers/STM32F4xx_HAL_Driver/Src/stm32f4xx_hal_spi.c.obj
 .comment       0x00000043       0x44 CMakeFiles/RFID-RC522.dir/Drivers/STM32F4xx_HAL_Driver/Src/stm32f4xx_hal_rcc.c.obj
 .comment       0x00000043       0x44 CMakeFiles/RFID-RC522.dir/Drivers/STM32F4xx_HAL_Driver/Src/stm32f4xx_hal_gpio.c.obj
 .comment       0x00000043       0x44 CMakeFiles/RFID-RC522.dir/Drivers/STM32F4xx_HAL_Driver/Src/stm32f4xx_hal_cortex.c.obj
 .comment       0x00000043       0x44 CMakeFiles/RFID-RC522.dir/Drivers/STM32F4xx_HAL_Driver/Src/stm32f4xx_hal.c.obj

.debug_frame    0x00000000     0x199c
 .debug_frame   0x00000000       0x20 D:/Programs/Creativity/STM32CubeCLT/GNU-tools-for-STM32/bin/../lib/gcc/arm-none-eabi/13.3.1/../../../../arm-none-eabi/lib/thumb/v7e-m+fp/hard\libc_nano.a(libc_a-memset.o)
 .debug_frame   0x00000020       0x2c D:/Programs/Creativity/STM32CubeCLT/GNU-tools-for-STM32/bin/../lib/gcc/arm-none-eabi/13.3.1/../../../../arm-none-eabi/lib/thumb/v7e-m+fp/hard\libc_nano.a(libc_a-init.o)
 .debug_frame   0x0000004c       0xa8 CMakeFiles/RFID-RC522.dir/Core/Src/main.c.obj
 .debug_frame   0x000000f4      0x104 CMakeFiles/RFID-RC522.dir/Core/Src/stm32f4xx_it.c.obj
 .debug_frame   0x000001f8       0x80 CMakeFiles/RFID-RC522.dir/Core/Src/stm32f4xx_hal_msp.c.obj
 .debug_frame   0x00000278       0x58 CMakeFiles/RFID-RC522.dir/Core/Src/system_stm32f4xx.c.obj
 .debug_frame   0x000002d0      0x288 CMakeFiles/RFID-RC522.dir/Core/Src/RC522.c.obj
 .debug_frame   0x00000558      0x828 CMakeFiles/RFID-RC522.dir/Drivers/STM32F4xx_HAL_Driver/Src/stm32f4xx_hal_spi.c.obj
 .debug_frame   0x00000d80      0x1f4 CMakeFiles/RFID-RC522.dir/Drivers/STM32F4xx_HAL_Driver/Src/stm32f4xx_hal_rcc.c.obj
 .debug_frame   0x00000f74      0x14c CMakeFiles/RFID-RC522.dir/Drivers/STM32F4xx_HAL_Driver/Src/stm32f4xx_hal_gpio.c.obj
 .debug_frame   0x000010c0      0x508 CMakeFiles/RFID-RC522.dir/Drivers/STM32F4xx_HAL_Driver/Src/stm32f4xx_hal_cortex.c.obj
 .debug_frame   0x000015c8      0x374 CMakeFiles/RFID-RC522.dir/Drivers/STM32F4xx_HAL_Driver/Src/stm32f4xx_hal.c.obj
 .debug_frame   0x0000193c       0x2c D:/Programs/Creativity/STM32CubeCLT/GNU-tools-for-STM32/bin/../lib/gcc/arm-none-eabi/13.3.1/thumb/v7e-m+fp/hard\libgcc.a(_aeabi_uldivmod.o)
 .debug_frame   0x00001968       0x34 D:/Programs/Creativity/STM32CubeCLT/GNU-tools-for-STM32/bin/../lib/gcc/arm-none-eabi/13.3.1/thumb/v7e-m+fp/hard\libgcc.a(_udivmoddi4.o)

.debug_info     0x00000000     0x634c
 .debug_info    0x00000000      0xc82 CMakeFiles/RFID-RC522.dir/Core/Src/main.c.obj
 .debug_info    0x00000c82      0x112 CMakeFiles/RFID-RC522.dir/Core/Src/stm32f4xx_it.c.obj
 .debug_info    0x00000d94      0x94c CMakeFiles/RFID-RC522.dir/Core/Src/stm32f4xx_hal_msp.c.obj
 .debug_info    0x000016e0      0x53e CMakeFiles/RFID-RC522.dir/Core/Src/system_stm32f4xx.c.obj
 .debug_info    0x00001c1e      0xc2f CMakeFiles/RFID-RC522.dir/Core/Src/RC522.c.obj
 .debug_info    0x0000284d     0x1530 CMakeFiles/RFID-RC522.dir/Drivers/STM32F4xx_HAL_Driver/Src/stm32f4xx_hal_spi.c.obj
 .debug_info    0x00003d7d      0x8f1 CMakeFiles/RFID-RC522.dir/Drivers/STM32F4xx_HAL_Driver/Src/stm32f4xx_hal_rcc.c.obj
 .debug_info    0x0000466e      0x6f9 CMakeFiles/RFID-RC522.dir/Drivers/STM32F4xx_HAL_Driver/Src/stm32f4xx_hal_gpio.c.obj
 .debug_info    0x00004d67      0xcf6 CMakeFiles/RFID-RC522.dir/Drivers/STM32F4xx_HAL_Driver/Src/stm32f4xx_hal_cortex.c.obj
 .debug_info    0x00005a5d      0x8bf CMakeFiles/RFID-RC522.dir/Drivers/STM32F4xx_HAL_Driver/Src/stm32f4xx_hal.c.obj
 .debug_info    0x0000631c       0x30 CMakeFiles/RFID-RC522.dir/startup_stm32f401xc.s.obj

.debug_abbrev   0x00000000     0x1511
 .debug_abbrev  0x00000000      0x2a8 CMakeFiles/RFID-RC522.dir/Core/Src/main.c.obj
 .debug_abbrev  0x000002a8       0x73 CMakeFiles/RFID-RC522.dir/Core/Src/stm32f4xx_it.c.obj
 .debug_abbrev  0x0000031b      0x1ac CMakeFiles/RFID-RC522.dir/Core/Src/stm32f4xx_hal_msp.c.obj
 .debug_abbrev  0x000004c7      0x11a CMakeFiles/RFID-RC522.dir/Core/Src/system_stm32f4xx.c.obj
 .debug_abbrev  0x000005e1      0x2a6 CMakeFiles/RFID-RC522.dir/Core/Src/RC522.c.obj
 .debug_abbrev  0x00000887      0x276 CMakeFiles/RFID-RC522.dir/Drivers/STM32F4xx_HAL_Driver/Src/stm32f4xx_hal_spi.c.obj
 .debug_abbrev  0x00000afd      0x2b6 CMakeFiles/RFID-RC522.dir/Drivers/STM32F4xx_HAL_Driver/Src/stm32f4xx_hal_rcc.c.obj
 .debug_abbrev  0x00000db3      0x1d3 CMakeFiles/RFID-RC522.dir/Drivers/STM32F4xx_HAL_Driver/Src/stm32f4xx_hal_gpio.c.obj
 .debug_abbrev  0x00000f86      0x31d CMakeFiles/RFID-RC522.dir/Drivers/STM32F4xx_HAL_Driver/Src/stm32f4xx_hal_cortex.c.obj
 .debug_abbrev  0x000012a3      0x24a CMakeFiles/RFID-RC522.dir/Drivers/STM32F4xx_HAL_Driver/Src/stm32f4xx_hal.c.obj
 .debug_abbrev  0x000014ed       0x24 CMakeFiles/RFID-RC522.dir/startup_stm32f401xc.s.obj

.debug_aranges  0x00000000      0x698
 .debug_aranges
                0x00000000       0x40 CMakeFiles/RFID-RC522.dir/Core/Src/main.c.obj
 .debug_aranges
                0x00000040       0x60 CMakeFiles/RFID-RC522.dir/Core/Src/stm32f4xx_it.c.obj
 .debug_aranges
                0x000000a0       0x30 CMakeFiles/RFID-RC522.dir/Core/Src/stm32f4xx_hal_msp.c.obj
 .debug_aranges
                0x000000d0       0x28 CMakeFiles/RFID-RC522.dir/Core/Src/system_stm32f4xx.c.obj
 .debug_aranges
                0x000000f8       0xa8 CMakeFiles/RFID-RC522.dir/Core/Src/RC522.c.obj
 .debug_aranges
                0x000001a0      0x1d0 CMakeFiles/RFID-RC522.dir/Drivers/STM32F4xx_HAL_Driver/Src/stm32f4xx_hal_spi.c.obj
 .debug_aranges
                0x00000370       0x88 CMakeFiles/RFID-RC522.dir/Drivers/STM32F4xx_HAL_Driver/Src/stm32f4xx_hal_rcc.c.obj
 .debug_aranges
                0x000003f8       0x58 CMakeFiles/RFID-RC522.dir/Drivers/STM32F4xx_HAL_Driver/Src/stm32f4xx_hal_gpio.c.obj
 .debug_aranges
                0x00000450      0x130 CMakeFiles/RFID-RC522.dir/Drivers/STM32F4xx_HAL_Driver/Src/stm32f4xx_hal_cortex.c.obj
 .debug_aranges
                0x00000580       0xf0 CMakeFiles/RFID-RC522.dir/Drivers/STM32F4xx_HAL_Driver/Src/stm32f4xx_hal.c.obj
 .debug_aranges
                0x00000670       0x28 CMakeFiles/RFID-RC522.dir/startup_stm32f401xc.s.obj

.debug_rnglists
                0x00000000      0x4e4
 .debug_rnglists
                0x00000000       0x2d CMakeFiles/RFID-RC522.dir/Core/Src/main.c.obj
 .debug_rnglists
                0x0000002d       0x43 CMakeFiles/RFID-RC522.dir/Core/Src/stm32f4xx_it.c.obj
 .debug_rnglists
                0x00000070       0x20 CMakeFiles/RFID-RC522.dir/Core/Src/stm32f4xx_hal_msp.c.obj
 .debug_rnglists
                0x00000090       0x1a CMakeFiles/RFID-RC522.dir/Core/Src/system_stm32f4xx.c.obj
 .debug_rnglists
                0x000000aa       0x7e CMakeFiles/RFID-RC522.dir/Core/Src/RC522.c.obj
 .debug_rnglists
                0x00000128      0x16f CMakeFiles/RFID-RC522.dir/Drivers/STM32F4xx_HAL_Driver/Src/stm32f4xx_hal_spi.c.obj
 .debug_rnglists
                0x00000297       0x66 CMakeFiles/RFID-RC522.dir/Drivers/STM32F4xx_HAL_Driver/Src/stm32f4xx_hal_rcc.c.obj
 .debug_rnglists
                0x000002fd       0x3f CMakeFiles/RFID-RC522.dir/Drivers/STM32F4xx_HAL_Driver/Src/stm32f4xx_hal_gpio.c.obj
 .debug_rnglists
                0x0000033c       0xe0 CMakeFiles/RFID-RC522.dir/Drivers/STM32F4xx_HAL_Driver/Src/stm32f4xx_hal_cortex.c.obj
 .debug_rnglists
                0x0000041c       0xaf CMakeFiles/RFID-RC522.dir/Drivers/STM32F4xx_HAL_Driver/Src/stm32f4xx_hal.c.obj
 .debug_rnglists
                0x000004cb       0x19 CMakeFiles/RFID-RC522.dir/startup_stm32f401xc.s.obj

.debug_macro    0x00000000    0x15423
 .debug_macro   0x00000000      0x28c CMakeFiles/RFID-RC522.dir/Core/Src/main.c.obj
 .debug_macro   0x0000028c      0xad8 CMakeFiles/RFID-RC522.dir/Core/Src/main.c.obj
 .debug_macro   0x00000d64      0x295 CMakeFiles/RFID-RC522.dir/Core/Src/main.c.obj
 .debug_macro   0x00000ff9       0x2e CMakeFiles/RFID-RC522.dir/Core/Src/main.c.obj
 .debug_macro   0x00001027       0x28 CMakeFiles/RFID-RC522.dir/Core/Src/main.c.obj
 .debug_macro   0x0000104f       0x22 CMakeFiles/RFID-RC522.dir/Core/Src/main.c.obj
 .debug_macro   0x00001071       0x8e CMakeFiles/RFID-RC522.dir/Core/Src/main.c.obj
 .debug_macro   0x000010ff       0x51 CMakeFiles/RFID-RC522.dir/Core/Src/main.c.obj
 .debug_macro   0x00001150      0x103 CMakeFiles/RFID-RC522.dir/Core/Src/main.c.obj
 .debug_macro   0x00001253       0x6a CMakeFiles/RFID-RC522.dir/Core/Src/main.c.obj
 .debug_macro   0x000012bd      0x1df CMakeFiles/RFID-RC522.dir/Core/Src/main.c.obj
 .debug_macro   0x0000149c       0x1c CMakeFiles/RFID-RC522.dir/Core/Src/main.c.obj
 .debug_macro   0x000014b8       0x22 CMakeFiles/RFID-RC522.dir/Core/Src/main.c.obj
 .debug_macro   0x000014da       0xfb CMakeFiles/RFID-RC522.dir/Core/Src/main.c.obj
 .debug_macro   0x000015d5     0x1011 CMakeFiles/RFID-RC522.dir/Core/Src/main.c.obj
 .debug_macro   0x000025e6      0x11f CMakeFiles/RFID-RC522.dir/Core/Src/main.c.obj
 .debug_macro   0x00002705     0xb86c CMakeFiles/RFID-RC522.dir/Core/Src/main.c.obj
 .debug_macro   0x0000df71       0x6d CMakeFiles/RFID-RC522.dir/Core/Src/main.c.obj
 .debug_macro   0x0000dfde     0x369a CMakeFiles/RFID-RC522.dir/Core/Src/main.c.obj
 .debug_macro   0x00011678      0x190 CMakeFiles/RFID-RC522.dir/Core/Src/main.c.obj
 .debug_macro   0x00011808       0x5c CMakeFiles/RFID-RC522.dir/Core/Src/main.c.obj
 .debug_macro   0x00011864      0x416 CMakeFiles/RFID-RC522.dir/Core/Src/main.c.obj
 .debug_macro   0x00011c7a      0x9e9 CMakeFiles/RFID-RC522.dir/Core/Src/main.c.obj
 .debug_macro   0x00012663      0x115 CMakeFiles/RFID-RC522.dir/Core/Src/main.c.obj
 .debug_macro   0x00012778       0xf8 CMakeFiles/RFID-RC522.dir/Core/Src/main.c.obj
 .debug_macro   0x00012870       0xa5 CMakeFiles/RFID-RC522.dir/Core/Src/main.c.obj
 .debug_macro   0x00012915      0x15f CMakeFiles/RFID-RC522.dir/Core/Src/main.c.obj
 .debug_macro   0x00012a74      0x287 CMakeFiles/RFID-RC522.dir/Core/Src/main.c.obj
 .debug_macro   0x00012cfb       0x5f CMakeFiles/RFID-RC522.dir/Core/Src/main.c.obj
 .debug_macro   0x00012d5a      0x236 CMakeFiles/RFID-RC522.dir/Core/Src/main.c.obj
 .debug_macro   0x00012f90      0x132 CMakeFiles/RFID-RC522.dir/Core/Src/main.c.obj
 .debug_macro   0x000130c2      0x23a CMakeFiles/RFID-RC522.dir/Core/Src/main.c.obj
 .debug_macro   0x000132fc       0x2e CMakeFiles/RFID-RC522.dir/Core/Src/main.c.obj
 .debug_macro   0x0001332a      0x127 CMakeFiles/RFID-RC522.dir/Core/Src/main.c.obj
 .debug_macro   0x00013451       0x85 CMakeFiles/RFID-RC522.dir/Core/Src/main.c.obj
 .debug_macro   0x000134d6       0x89 CMakeFiles/RFID-RC522.dir/Core/Src/main.c.obj
 .debug_macro   0x0001355f      0x225 CMakeFiles/RFID-RC522.dir/Core/Src/main.c.obj
 .debug_macro   0x00013784      0x126 CMakeFiles/RFID-RC522.dir/Core/Src/main.c.obj
 .debug_macro   0x000138aa      0x23e CMakeFiles/RFID-RC522.dir/Core/Src/main.c.obj
 .debug_macro   0x00013ae8       0x74 CMakeFiles/RFID-RC522.dir/Core/Src/main.c.obj
 .debug_macro   0x00013b5c       0x2a CMakeFiles/RFID-RC522.dir/Core/Src/main.c.obj
 .debug_macro   0x00013b86       0x3c CMakeFiles/RFID-RC522.dir/Core/Src/main.c.obj
 .debug_macro   0x00013bc2       0x34 CMakeFiles/RFID-RC522.dir/Core/Src/main.c.obj
 .debug_macro   0x00013bf6      0x370 CMakeFiles/RFID-RC522.dir/Core/Src/main.c.obj
 .debug_macro   0x00013f66       0x16 CMakeFiles/RFID-RC522.dir/Core/Src/main.c.obj
 .debug_macro   0x00013f7c       0x4a CMakeFiles/RFID-RC522.dir/Core/Src/main.c.obj
 .debug_macro   0x00013fc6       0x34 CMakeFiles/RFID-RC522.dir/Core/Src/main.c.obj
 .debug_macro   0x00013ffa       0x10 CMakeFiles/RFID-RC522.dir/Core/Src/main.c.obj
 .debug_macro   0x0001400a       0x58 CMakeFiles/RFID-RC522.dir/Core/Src/main.c.obj
 .debug_macro   0x00014062      0x1e5 CMakeFiles/RFID-RC522.dir/Core/Src/main.c.obj
 .debug_macro   0x00014247       0x10 CMakeFiles/RFID-RC522.dir/Core/Src/main.c.obj
 .debug_macro   0x00014257       0x3c CMakeFiles/RFID-RC522.dir/Core/Src/main.c.obj
 .debug_macro   0x00014293       0x20 CMakeFiles/RFID-RC522.dir/Core/Src/main.c.obj
 .debug_macro   0x000142b3      0x1ce CMakeFiles/RFID-RC522.dir/Core/Src/stm32f4xx_it.c.obj
 .debug_macro   0x00014481      0x1c4 CMakeFiles/RFID-RC522.dir/Core/Src/stm32f4xx_hal_msp.c.obj
 .debug_macro   0x00014645      0x1ba CMakeFiles/RFID-RC522.dir/Core/Src/system_stm32f4xx.c.obj
 .debug_macro   0x000147ff      0x126 CMakeFiles/RFID-RC522.dir/Core/Src/system_stm32f4xx.c.obj
 .debug_macro   0x00014925      0x1c3 CMakeFiles/RFID-RC522.dir/Core/Src/RC522.c.obj
 .debug_macro   0x00014ae8      0x1c9 CMakeFiles/RFID-RC522.dir/Drivers/STM32F4xx_HAL_Driver/Src/stm32f4xx_hal_spi.c.obj
 .debug_macro   0x00014cb1      0x1de CMakeFiles/RFID-RC522.dir/Drivers/STM32F4xx_HAL_Driver/Src/stm32f4xx_hal_rcc.c.obj
 .debug_macro   0x00014e8f      0x1c0 CMakeFiles/RFID-RC522.dir/Drivers/STM32F4xx_HAL_Driver/Src/stm32f4xx_hal_gpio.c.obj
 .debug_macro   0x0001504f      0x1ba CMakeFiles/RFID-RC522.dir/Drivers/STM32F4xx_HAL_Driver/Src/stm32f4xx_hal_cortex.c.obj
 .debug_macro   0x00015209      0x21a CMakeFiles/RFID-RC522.dir/Drivers/STM32F4xx_HAL_Driver/Src/stm32f4xx_hal.c.obj

.debug_line     0x00000000     0x74c6
 .debug_line    0x00000000      0x82c CMakeFiles/RFID-RC522.dir/Core/Src/main.c.obj
 .debug_line    0x0000082c      0x747 CMakeFiles/RFID-RC522.dir/Core/Src/stm32f4xx_it.c.obj
 .debug_line    0x00000f73      0x6e6 CMakeFiles/RFID-RC522.dir/Core/Src/stm32f4xx_hal_msp.c.obj
 .debug_line    0x00001659      0x747 CMakeFiles/RFID-RC522.dir/Core/Src/system_stm32f4xx.c.obj
 .debug_line    0x00001da0      0xb9a CMakeFiles/RFID-RC522.dir/Core/Src/RC522.c.obj
 .debug_line    0x0000293a     0x1c49 CMakeFiles/RFID-RC522.dir/Drivers/STM32F4xx_HAL_Driver/Src/stm32f4xx_hal_spi.c.obj
 .debug_line    0x00004583      0xdc1 CMakeFiles/RFID-RC522.dir/Drivers/STM32F4xx_HAL_Driver/Src/stm32f4xx_hal_rcc.c.obj
 .debug_line    0x00005344      0xad0 CMakeFiles/RFID-RC522.dir/Drivers/STM32F4xx_HAL_Driver/Src/stm32f4xx_hal_gpio.c.obj
 .debug_line    0x00005e14      0xc84 CMakeFiles/RFID-RC522.dir/Drivers/STM32F4xx_HAL_Driver/Src/stm32f4xx_hal_cortex.c.obj
 .debug_line    0x00006a98      0x9b4 CMakeFiles/RFID-RC522.dir/Drivers/STM32F4xx_HAL_Driver/Src/stm32f4xx_hal.c.obj
 .debug_line    0x0000744c       0x7a CMakeFiles/RFID-RC522.dir/startup_stm32f401xc.s.obj

.debug_str      0x00000000    0x83dfe
 .debug_str     0x00000000    0x83dfe CMakeFiles/RFID-RC522.dir/Core/Src/main.c.obj
                              0x823fa (size before relaxing)
 .debug_str     0x00083dfe    0x7ea50 CMakeFiles/RFID-RC522.dir/Core/Src/stm32f4xx_it.c.obj
 .debug_str     0x00083dfe    0x7efd7 CMakeFiles/RFID-RC522.dir/Core/Src/stm32f4xx_hal_msp.c.obj
 .debug_str     0x00083dfe    0x7eb90 CMakeFiles/RFID-RC522.dir/Core/Src/system_stm32f4xx.c.obj
 .debug_str     0x00083dfe    0x7f6f1 CMakeFiles/RFID-RC522.dir/Core/Src/RC522.c.obj
 .debug_str     0x00083dfe    0x7f43c CMakeFiles/RFID-RC522.dir/Drivers/STM32F4xx_HAL_Driver/Src/stm32f4xx_hal_spi.c.obj
 .debug_str     0x00083dfe    0x7efc4 CMakeFiles/RFID-RC522.dir/Drivers/STM32F4xx_HAL_Driver/Src/stm32f4xx_hal_rcc.c.obj
 .debug_str     0x00083dfe    0x7ed0b CMakeFiles/RFID-RC522.dir/Drivers/STM32F4xx_HAL_Driver/Src/stm32f4xx_hal_gpio.c.obj
 .debug_str     0x00083dfe    0x7f31c CMakeFiles/RFID-RC522.dir/Drivers/STM32F4xx_HAL_Driver/Src/stm32f4xx_hal_cortex.c.obj
 .debug_str     0x00083dfe    0x7f5b2 CMakeFiles/RFID-RC522.dir/Drivers/STM32F4xx_HAL_Driver/Src/stm32f4xx_hal.c.obj
 .debug_str     0x00083dfe       0x94 CMakeFiles/RFID-RC522.dir/startup_stm32f401xc.s.obj

.debug_line_str
                0x00000000       0x78
 .debug_line_str
                0x00000000       0x78 CMakeFiles/RFID-RC522.dir/startup_stm32f401xc.s.obj
