
Discarded input sections

 .group         0x00000000        0xc ./src/main.o
 .text          0x00000000        0x0 ./src/main.o
 .data          0x00000000        0x0 ./src/main.o
 .bss           0x00000000        0x0 ./src/main.o
 .isr_vector    0x00000000        0x8 ./src/main.o
 .data.dataVar  0x00000000        0x4 ./src/main.o
 .bss.bssVar    0x00000000        0x4 ./src/main.o
 .text.__initialize_bss
                0x00000000       0x2e ./src/main.o
 .text._start   0x00000000       0x34 ./src/main.o

Memory Configuration

Name             Origin             Length             Attributes
FLASH            0x08000000         0x00080000         xr
SRAM             0x20000000         0x00010000         xrw
*default*        0x00000000         0xffffffff

Linker script and memory map

LOAD ./src/main.o
START GROUP
LOAD C:/ST/STM32CubeIDE_1.16.1/STM32CubeIDE/plugins/com.st.stm32cube.ide.mcu.externaltools.gnu-tools-for-stm32.12.3.rel1.win32_1.0.200.202406191623/tools/bin/../lib/gcc/arm-none-eabi/12.3.1/../../../../arm-none-eabi/lib/thumb/v7e-m/nofp\libc_nano.a
LOAD C:/ST/STM32CubeIDE_1.16.1/STM32CubeIDE/plugins/com.st.stm32cube.ide.mcu.externaltools.gnu-tools-for-stm32.12.3.rel1.win32_1.0.200.202406191623/tools/bin/../lib/gcc/arm-none-eabi/12.3.1/../../../../arm-none-eabi/lib/thumb/v7e-m/nofp\libm.a
END GROUP
START GROUP
LOAD C:/ST/STM32CubeIDE_1.16.1/STM32CubeIDE/plugins/com.st.stm32cube.ide.mcu.externaltools.gnu-tools-for-stm32.12.3.rel1.win32_1.0.200.202406191623/tools/bin/../lib/gcc/arm-none-eabi/12.3.1/thumb/v7e-m/nofp\libgcc.a
LOAD C:/ST/STM32CubeIDE_1.16.1/STM32CubeIDE/plugins/com.st.stm32cube.ide.mcu.externaltools.gnu-tools-for-stm32.12.3.rel1.win32_1.0.200.202406191623/tools/bin/../lib/gcc/arm-none-eabi/12.3.1/../../../../arm-none-eabi/lib/thumb/v7e-m/nofp\libc_nano.a
END GROUP
START GROUP
LOAD C:/ST/STM32CubeIDE_1.16.1/STM32CubeIDE/plugins/com.st.stm32cube.ide.mcu.externaltools.gnu-tools-for-stm32.12.3.rel1.win32_1.0.200.202406191623/tools/bin/../lib/gcc/arm-none-eabi/12.3.1/thumb/v7e-m/nofp\libgcc.a
LOAD C:/ST/STM32CubeIDE_1.16.1/STM32CubeIDE/plugins/com.st.stm32cube.ide.mcu.externaltools.gnu-tools-for-stm32.12.3.rel1.win32_1.0.200.202406191623/tools/bin/../lib/gcc/arm-none-eabi/12.3.1/../../../../arm-none-eabi/lib/thumb/v7e-m/nofp\libc_nano.a
LOAD C:/ST/STM32CubeIDE_1.16.1/STM32CubeIDE/plugins/com.st.stm32cube.ide.mcu.externaltools.gnu-tools-for-stm32.12.3.rel1.win32_1.0.200.202406191623/tools/bin/../lib/gcc/arm-none-eabi/12.3.1/../../../../arm-none-eabi/lib/thumb/v7e-m/nofp\libnosys.a
END GROUP
START GROUP
LOAD C:/ST/STM32CubeIDE_1.16.1/STM32CubeIDE/plugins/com.st.stm32cube.ide.mcu.externaltools.gnu-tools-for-stm32.12.3.rel1.win32_1.0.200.202406191623/tools/bin/../lib/gcc/arm-none-eabi/12.3.1/thumb/v7e-m/nofp\libgcc.a
LOAD C:/ST/STM32CubeIDE_1.16.1/STM32CubeIDE/plugins/com.st.stm32cube.ide.mcu.externaltools.gnu-tools-for-stm32.12.3.rel1.win32_1.0.200.202406191623/tools/bin/../lib/gcc/arm-none-eabi/12.3.1/../../../../arm-none-eabi/lib/thumb/v7e-m/nofp\libc_nano.a
LOAD C:/ST/STM32CubeIDE_1.16.1/STM32CubeIDE/plugins/com.st.stm32cube.ide.mcu.externaltools.gnu-tools-for-stm32.12.3.rel1.win32_1.0.200.202406191623/tools/bin/../lib/gcc/arm-none-eabi/12.3.1/../../../../arm-none-eabi/lib/thumb/v7e-m/nofp\libnosys.a
END GROUP

.text           0x08000000       0x64
 *(.vector_table)
 *(.text)
 *(.text*)
 .text.main     0x08000000       0x44 ./src/main.o
                0x08000000                main
 .text.delay    0x08000044       0x20 ./src/main.o
                0x08000044                delay
 *(.vector_table)
                0x08000064                        _sidata = LOADADDR (.data)

.glue_7         0x08000064        0x0
 .glue_7        0x08000064        0x0 linker stubs

.glue_7t        0x08000064        0x0
 .glue_7t       0x08000064        0x0 linker stubs

.vfp11_veneer   0x08000064        0x0
 .vfp11_veneer  0x08000064        0x0 linker stubs

.v4_bx          0x08000064        0x0
 .v4_bx         0x08000064        0x0 linker stubs

.iplt           0x08000064        0x0
 .iplt          0x08000064        0x0 ./src/main.o

.rel.dyn        0x08000064        0x0
 .rel.iplt      0x08000064        0x0 ./src/main.o

.data           0x20000000        0x0 load address 0x08000064
                0x20000000                        . = ALIGN (0x4)
                0x20000000                        _sdata = .
 *(.data)
 *(.data*)
                0x20000000                        . = ALIGN (0x4)
                0x20000000                        _edata = .

.igot.plt       0x20000000        0x0 load address 0x08000064
 .igot.plt      0x20000000        0x0 ./src/main.o

.bss            0x20000000        0x0
                0x20000000                        _sbss = .
 *(.bss .bss*)
 *(COMMON)
                0x20000000                        . = ALIGN (0x4)
                0x20000000                        _ebss = .
OUTPUT(LinkerDescLearning.elf elf32-littlearm)
LOAD linker stubs

.debug_info     0x00000000      0x18f
 .debug_info    0x00000000      0x18f ./src/main.o

.debug_abbrev   0x00000000      0x132
 .debug_abbrev  0x00000000      0x132 ./src/main.o

.debug_aranges  0x00000000       0x38
 .debug_aranges
                0x00000000       0x38 ./src/main.o

.debug_rnglists
                0x00000000       0x25
 .debug_rnglists
                0x00000000       0x25 ./src/main.o

.debug_macro    0x00000000      0xae3
 .debug_macro   0x00000000       0x4d ./src/main.o
 .debug_macro   0x0000004d      0xa96 ./src/main.o

.debug_line     0x00000000       0xdf
 .debug_line    0x00000000       0xdf ./src/main.o

.debug_str      0x00000000     0x2f82
 .debug_str     0x00000000     0x2f82 ./src/main.o
                               0x2fa1 (size before relaxing)

.comment        0x00000000       0x43
 .comment       0x00000000       0x43 ./src/main.o
                                 0x44 (size before relaxing)

.ARM.attributes
                0x00000000       0x2e
 .ARM.attributes
                0x00000000       0x2e ./src/main.o

.debug_frame    0x00000000       0x98
 .debug_frame   0x00000000       0x98 ./src/main.o
